╭──────────────────────────────────────────────╮
│                                              │
│  Title                                       │
│                                              │
│  Body line one                               │
│  Body line two                               │
│                                              │
╰──────────────────────────────────────────────╯