 harharbinks · session · api.example.com                                                            
  METHOD  STATUS TYPE       SIZE      TIME     URL                                                  
  GET     200    json       4.0KB     132ms    https://api.example.com/users?page=2                 
› POST    302    html       0B        512ms    https://api.example.com/login                        
  DELETE  204    -          0B        1.24s    https://api.example.com/users/7                      
                                                                                                    
                                                                                                    
                                                                                                    
                                                                                                    
                                                                                                    
 Overview │ Headers │ Cookies │ Payload │ Response │ Raw                                            
  Method:  POST                                                                                     
  URL:     https://api.example.com/login                                                            
  Status:  302 Found                                                                                
  HTTP:                                                                                             
  Time:    512ms                                                                                    
  Size:    0B                                                                                       
  MIME:    text/html                                                                                
                                                                                                    
                                                                                                    
                                                                                                    
                                                                                                    
                                                                                                    
 2/3                                             esc leave session · ↑/↓ rows · tab detail · ? help 